
*** Running vivado
    with args -log nexys_hdmi.vds -m64 -product Vivado -mode batch -messageDb vivado.pb -notrace -source nexys_hdmi.tcl


ECHO ist ausgeschaltet (OFF).
ECHO ist ausgeschaltet (OFF).

****** Vivado v2023.2 (64-bit)
  **** SW Build 4029153 on Fri Oct 13 20:14:34 MDT 2023
  **** IP Build 4028589 on Sat Oct 14 00:45:43 MDT 2023
  **** SharedData Build 4025554 on Tue Oct 10 17:18:54 MDT 2023
    ** Copyright 1986-2022 Xilinx, Inc. All Rights Reserved.
    ** Copyright 2022-2023 Advanced Micro Devices, Inc. All Rights Reserved.

source nexys_hdmi.tcl -notrace
create_project: Time (s): cpu = 00:00:05 ; elapsed = 00:00:05 . Memory (MB): peak = 520.949 ; gain = 216.102
INFO: [IP_Flow 19-234] Refreshing IP repositories
INFO: [IP_Flow 19-1700] Loaded user IP repository 'd:/vivado-library-master'.
INFO: [IP_Flow 19-2313] Loaded Vivado IP repository 'C:/Xilinx/Vivado/2023.2/data/ip'.
Command: synth_design -top nexys_hdmi -part xc7a200tsbg484-1
Starting synth_design
Attempting to get a license for feature 'Synthesis' and/or device 'xc7a200t'
INFO: [Common 17-349] Got license for feature 'Synthesis' and/or device 'xc7a200t'
INFO: [Device 21-403] Loading part xc7a200tsbg484-1
INFO: [Synth 8-7079] Multithreading enabled for synth_design using a maximum of 2 processes.
INFO: [Synth 8-7078] Launching helper process for spawning children vivado processes
INFO: [Synth 8-7075] Helper process launched with PID 2388
---------------------------------------------------------------------------------
Starting RTL Elaboration : Time (s): cpu = 00:00:04 ; elapsed = 00:00:05 . Memory (MB): peak = 1430.508 ; gain = 439.273
---------------------------------------------------------------------------------
WARNING: [Synth 8-7129] Port SerialClk in module TMDS_Encoder is either unconnected or has no load
WARNING: [Synth 8-7129] Port aRst in module TMDS_Encoder is either unconnected or has no load
WARNING: [Synth 8-7129] Port aRst_n in module rgb2dvi is either unconnected or has no load
WARNING: [Synth 8-7129] Port CLKB in module blk_mem_output_block is either unconnected or has no load
WARNING: [Synth 8-7129] Port DOUTA_I[799] in module blk_mem_output_block is either unconnected or has no load
WARNING: [Synth 8-7129] Port DOUTA_I[798] in module blk_mem_output_block is either unconnected or has no load
WARNING: [Synth 8-7129] Port DOUTA_I[797] in module blk_mem_output_block is either unconnected or has no load
WARNING: [Synth 8-7129] Port DOUTA_I[796] in module blk_mem_output_block is either unconnected or has no load
WARNING: [Synth 8-7129] Port DOUTA_I[795] in module blk_mem_output_block is either unconnected or has no load
WARNING: [Synth 8-7129] Port DOUTA_I[794] in module blk_mem_output_block is either unconnected or has no load
WARNING: [Synth 8-7129] Port DOUTA_I[793] in module blk_mem_output_block is either unconnected or has no load
WARNING: [Synth 8-7129] Port DOUTA_I[792] in module blk_mem_output_block is either unconnected or has no load
WARNING: [Synth 8-7129] Port DOUTA_I[791] in module blk_mem_output_block is either unconnected or has no load
WARNING: [Synth 8-7129] Port DOUTA_I[790] in module blk_mem_output_block is either unconnected or has no load
WARNING: [Synth 8-7129] Port DOUTA_I[789] in module blk_mem_output_block is either unconnected or has no load
WARNING: [Synth 8-7129] Port DOUTA_I[788] in module blk_mem_output_block is either unconnected or has no load
WARNING: [Synth 8-7129] Port DOUTA_I[787] in module blk_mem_output_block is either unconnected or has no load
WARNING: [Synth 8-7129] Port DOUTA_I[786] in module blk_mem_output_block is either unconnected or has no load
WARNING: [Synth 8-7129] Port DOUTA_I[785] in module blk_mem_output_block is either unconnected or has no load
WARNING: [Synth 8-7129] Port DOUTA_I[784] in module blk_mem_output_block is either unconnected or has no load
WARNING: [Synth 8-7129] Port DOUTA_I[783] in module blk_mem_output_block is either unconnected or has no load
WARNING: [Synth 8-7129] Port DOUTA_I[782] in module blk_mem_output_block is either unconnected or has no load
WARNING: [Synth 8-7129] Port DOUTA_I[781] in module blk_mem_output_block is either unconnected or has no load
WARNING: [Synth 8-7129] Port DOUTA_I[780] in module blk_mem_output_block is either unconnected or has no load
WARNING: [Synth 8-7129] Port DOUTA_I[779] in module blk_mem_output_block is either unconnected or has no load
WARNING: [Synth 8-7129] Port DOUTA_I[778] in module blk_mem_output_block is either unconnected or has no load
WARNING: [Synth 8-7129] Port DOUTA_I[777] in module blk_mem_output_block is either unconnected or has no load
WARNING: [Synth 8-7129] Port DOUTA_I[776] in module blk_mem_output_block is either unconnected or has no load
WARNING: [Synth 8-7129] Port DOUTA_I[775] in module blk_mem_output_block is either unconnected or has no load
WARNING: [Synth 8-7129] Port DOUTA_I[774] in module blk_mem_output_block is either unconnected or has no load
WARNING: [Synth 8-7129] Port DOUTA_I[773] in module blk_mem_output_block is either unconnected or has no load
WARNING: [Synth 8-7129] Port DOUTA_I[772] in module blk_mem_output_block is either unconnected or has no load
WARNING: [Synth 8-7129] Port DOUTA_I[771] in module blk_mem_output_block is either unconnected or has no load
WARNING: [Synth 8-7129] Port DOUTA_I[770] in module blk_mem_output_block is either unconnected or has no load
WARNING: [Synth 8-7129] Port DOUTA_I[769] in module blk_mem_output_block is either unconnected or has no load
WARNING: [Synth 8-7129] Port DOUTA_I[768] in module blk_mem_output_block is either unconnected or has no load
WARNING: [Synth 8-7129] Port DOUTA_I[767] in module blk_mem_output_block is either unconnected or has no load
WARNING: [Synth 8-7129] Port DOUTA_I[766] in module blk_mem_output_block is either unconnected or has no load
WARNING: [Synth 8-7129] Port DOUTA_I[765] in module blk_mem_output_block is either unconnected or has no load
WARNING: [Synth 8-7129] Port DOUTA_I[764] in module blk_mem_output_block is either unconnected or has no load
WARNING: [Synth 8-7129] Port DOUTA_I[763] in module blk_mem_output_block is either unconnected or has no load
WARNING: [Synth 8-7129] Port DOUTA_I[762] in module blk_mem_output_block is either unconnected or has no load
WARNING: [Synth 8-7129] Port DOUTA_I[761] in module blk_mem_output_block is either unconnected or has no load
WARNING: [Synth 8-7129] Port DOUTA_I[760] in module blk_mem_output_block is either unconnected or has no load
WARNING: [Synth 8-7129] Port DOUTA_I[759] in module blk_mem_output_block is either unconnected or has no load
WARNING: [Synth 8-7129] Port DOUTA_I[758] in module blk_mem_output_block is either unconnected or has no load
WARNING: [Synth 8-7129] Port DOUTA_I[757] in module blk_mem_output_block is either unconnected or has no load
WARNING: [Synth 8-7129] Port DOUTA_I[756] in module blk_mem_output_block is either unconnected or has no load
WARNING: [Synth 8-7129] Port DOUTA_I[755] in module blk_mem_output_block is either unconnected or has no load
WARNING: [Synth 8-7129] Port DOUTA_I[754] in module blk_mem_output_block is either unconnected or has no load
WARNING: [Synth 8-7129] Port DOUTA_I[753] in module blk_mem_output_block is either unconnected or has no load
WARNING: [Synth 8-7129] Port DOUTA_I[752] in module blk_mem_output_block is either unconnected or has no load
WARNING: [Synth 8-7129] Port DOUTA_I[751] in module blk_mem_output_block is either unconnected or has no load
WARNING: [Synth 8-7129] Port DOUTA_I[750] in module blk_mem_output_block is either unconnected or has no load
WARNING: [Synth 8-7129] Port DOUTA_I[749] in module blk_mem_output_block is either unconnected or has no load
WARNING: [Synth 8-7129] Port DOUTA_I[748] in module blk_mem_output_block is either unconnected or has no load
WARNING: [Synth 8-7129] Port DOUTA_I[747] in module blk_mem_output_block is either unconnected or has no load
WARNING: [Synth 8-7129] Port DOUTA_I[746] in module blk_mem_output_block is either unconnected or has no load
WARNING: [Synth 8-7129] Port DOUTA_I[745] in module blk_mem_output_block is either unconnected or has no load
WARNING: [Synth 8-7129] Port DOUTA_I[744] in module blk_mem_output_block is either unconnected or has no load
WARNING: [Synth 8-7129] Port DOUTA_I[743] in module blk_mem_output_block is either unconnected or has no load
WARNING: [Synth 8-7129] Port DOUTA_I[742] in module blk_mem_output_block is either unconnected or has no load
WARNING: [Synth 8-7129] Port DOUTA_I[741] in module blk_mem_output_block is either unconnected or has no load
WARNING: [Synth 8-7129] Port DOUTA_I[740] in module blk_mem_output_block is either unconnected or has no load
WARNING: [Synth 8-7129] Port DOUTA_I[739] in module blk_mem_output_block is either unconnected or has no load
WARNING: [Synth 8-7129] Port DOUTA_I[738] in module blk_mem_output_block is either unconnected or has no load
WARNING: [Synth 8-7129] Port DOUTA_I[737] in module blk_mem_output_block is either unconnected or has no load
WARNING: [Synth 8-7129] Port DOUTA_I[736] in module blk_mem_output_block is either unconnected or has no load
WARNING: [Synth 8-7129] Port DOUTA_I[735] in module blk_mem_output_block is either unconnected or has no load
WARNING: [Synth 8-7129] Port DOUTA_I[734] in module blk_mem_output_block is either unconnected or has no load
WARNING: [Synth 8-7129] Port DOUTA_I[733] in module blk_mem_output_block is either unconnected or has no load
WARNING: [Synth 8-7129] Port DOUTA_I[732] in module blk_mem_output_block is either unconnected or has no load
WARNING: [Synth 8-7129] Port DOUTA_I[731] in module blk_mem_output_block is either unconnected or has no load
WARNING: [Synth 8-7129] Port DOUTA_I[730] in module blk_mem_output_block is either unconnected or has no load
WARNING: [Synth 8-7129] Port DOUTA_I[729] in module blk_mem_output_block is either unconnected or has no load
WARNING: [Synth 8-7129] Port DOUTA_I[728] in module blk_mem_output_block is either unconnected or has no load
WARNING: [Synth 8-7129] Port DOUTA_I[727] in module blk_mem_output_block is either unconnected or has no load
WARNING: [Synth 8-7129] Port DOUTA_I[726] in module blk_mem_output_block is either unconnected or has no load
WARNING: [Synth 8-7129] Port DOUTA_I[725] in module blk_mem_output_block is either unconnected or has no load
WARNING: [Synth 8-7129] Port DOUTA_I[724] in module blk_mem_output_block is either unconnected or has no load
WARNING: [Synth 8-7129] Port DOUTA_I[723] in module blk_mem_output_block is either unconnected or has no load
WARNING: [Synth 8-7129] Port DOUTA_I[722] in module blk_mem_output_block is either unconnected or has no load
WARNING: [Synth 8-7129] Port DOUTA_I[721] in module blk_mem_output_block is either unconnected or has no load
WARNING: [Synth 8-7129] Port DOUTA_I[720] in module blk_mem_output_block is either unconnected or has no load
WARNING: [Synth 8-7129] Port DOUTA_I[719] in module blk_mem_output_block is either unconnected or has no load
WARNING: [Synth 8-7129] Port DOUTA_I[718] in module blk_mem_output_block is either unconnected or has no load
WARNING: [Synth 8-7129] Port DOUTA_I[717] in module blk_mem_output_block is either unconnected or has no load
WARNING: [Synth 8-7129] Port DOUTA_I[716] in module blk_mem_output_block is either unconnected or has no load
WARNING: [Synth 8-7129] Port DOUTA_I[715] in module blk_mem_output_block is either unconnected or has no load
WARNING: [Synth 8-7129] Port DOUTA_I[714] in module blk_mem_output_block is either unconnected or has no load
WARNING: [Synth 8-7129] Port DOUTA_I[713] in module blk_mem_output_block is either unconnected or has no load
WARNING: [Synth 8-7129] Port DOUTA_I[712] in module blk_mem_output_block is either unconnected or has no load
WARNING: [Synth 8-7129] Port DOUTA_I[711] in module blk_mem_output_block is either unconnected or has no load
WARNING: [Synth 8-7129] Port DOUTA_I[710] in module blk_mem_output_block is either unconnected or has no load
WARNING: [Synth 8-7129] Port DOUTA_I[709] in module blk_mem_output_block is either unconnected or has no load
WARNING: [Synth 8-7129] Port DOUTA_I[708] in module blk_mem_output_block is either unconnected or has no load
WARNING: [Synth 8-7129] Port DOUTA_I[707] in module blk_mem_output_block is either unconnected or has no load
WARNING: [Synth 8-7129] Port DOUTA_I[706] in module blk_mem_output_block is either unconnected or has no load
WARNING: [Synth 8-7129] Port DOUTA_I[705] in module blk_mem_output_block is either unconnected or has no load
WARNING: [Synth 8-7129] Port DOUTA_I[704] in module blk_mem_output_block is either unconnected or has no load
INFO: [Common 17-14] Message 'Synth 8-7129' appears 100 times and further instances of the messages will be disabled. Use the Tcl command set_msg_config to change the current settings.
---------------------------------------------------------------------------------
Finished RTL Elaboration : Time (s): cpu = 00:00:25 ; elapsed = 00:00:41 . Memory (MB): peak = 2025.043 ; gain = 1033.809
---------------------------------------------------------------------------------
---------------------------------------------------------------------------------
Start Handling Custom Attributes
---------------------------------------------------------------------------------
---------------------------------------------------------------------------------
Finished Handling Custom Attributes : Time (s): cpu = 00:00:26 ; elapsed = 00:00:41 . Memory (MB): peak = 2025.043 ; gain = 1033.809
---------------------------------------------------------------------------------
---------------------------------------------------------------------------------
Finished RTL Optimization Phase 1 : Time (s): cpu = 00:00:26 ; elapsed = 00:00:41 . Memory (MB): peak = 2025.043 ; gain = 1033.809
---------------------------------------------------------------------------------
Netlist sorting complete. Time (s): cpu = 00:00:00 ; elapsed = 00:00:00.199 . Memory (MB): peak = 2025.043 ; gain = 0.000
INFO: [Netlist 29-17] Analyzing 65 Unisim elements for replacement
INFO: [Netlist 29-28] Unisim Transformation completed in 0 CPU seconds
INFO: [Project 1-570] Preparing netlist for logic optimization

Processing XDC Constraints
Initializing timing engine
Parsing XDC File [d:/FPGA-gray/flySimulator.gen/sources_1/ip/xadc_wiz_0/xadc_wiz_0.xdc] for cell 'xadc/U0'
Finished Parsing XDC File [d:/FPGA-gray/flySimulator.gen/sources_1/ip/xadc_wiz_0/xadc_wiz_0.xdc] for cell 'xadc/U0'
Parsing XDC File [d:/FPGA-gray/flySimulator.gen/sources_1/ip/rgb2dvi_0/src/rgb2dvi.xdc] for cell 'rgb2dvi/U0'
Finished Parsing XDC File [d:/FPGA-gray/flySimulator.gen/sources_1/ip/rgb2dvi_0/src/rgb2dvi.xdc] for cell 'rgb2dvi/U0'
Parsing XDC File [d:/FPGA-gray/flySimulator.gen/sources_1/ip/clk_wiz_0/clk_wiz_0_board.xdc] for cell 'pll0/inst'
Finished Parsing XDC File [d:/FPGA-gray/flySimulator.gen/sources_1/ip/clk_wiz_0/clk_wiz_0_board.xdc] for cell 'pll0/inst'
Parsing XDC File [d:/FPGA-gray/flySimulator.gen/sources_1/ip/clk_wiz_0/clk_wiz_0.xdc] for cell 'pll0/inst'
Finished Parsing XDC File [d:/FPGA-gray/flySimulator.gen/sources_1/ip/clk_wiz_0/clk_wiz_0.xdc] for cell 'pll0/inst'
INFO: [Project 1-236] Implementation specific constraints were found while reading constraint file [d:/FPGA-gray/flySimulator.gen/sources_1/ip/clk_wiz_0/clk_wiz_0.xdc]. These constraints will be ignored for synthesis but will be used in implementation. Impacted constraints are listed in the file [.Xil/nexys_hdmi_propImpl.xdc].
Resolution: To avoid this warning, move constraints listed in [.Xil/nexys_hdmi_propImpl.xdc] to another XDC file and exclude this new file from synthesis with the used_in_synthesis property (File Properties dialog in GUI) and re-run elaboration/synthesis.
INFO: [Timing 38-2] Deriving generated clocks
Parsing XDC File [D:/FPGA-gray/flySimulator.srcs/constrs_1/new/master.xdc]
WARNING: [Vivado 12-584] No ports matched 'ja[2]'. [D:/FPGA-gray/flySimulator.srcs/constrs_1/new/master.xdc:122]
CRITICAL WARNING: [Common 17-55] 'set_property' expects at least one object. [D:/FPGA-gray/flySimulator.srcs/constrs_1/new/master.xdc:122]
Resolution: If [get_<value>] was used to populate the object, check to make sure this command returns at least one valid object.
WARNING: [Vivado 12-584] No ports matched 'ja[3]'. [D:/FPGA-gray/flySimulator.srcs/constrs_1/new/master.xdc:123]
CRITICAL WARNING: [Common 17-55] 'set_property' expects at least one object. [D:/FPGA-gray/flySimulator.srcs/constrs_1/new/master.xdc:123]
Resolution: If [get_<value>] was used to populate the object, check to make sure this command returns at least one valid object.
WARNING: [Vivado 12-584] No ports matched 'ja[4]'. [D:/FPGA-gray/flySimulator.srcs/constrs_1/new/master.xdc:124]
CRITICAL WARNING: [Common 17-55] 'set_property' expects at least one object. [D:/FPGA-gray/flySimulator.srcs/constrs_1/new/master.xdc:124]
Resolution: If [get_<value>] was used to populate the object, check to make sure this command returns at least one valid object.
WARNING: [Vivado 12-584] No ports matched 'ja[5]'. [D:/FPGA-gray/flySimulator.srcs/constrs_1/new/master.xdc:125]
CRITICAL WARNING: [Common 17-55] 'set_property' expects at least one object. [D:/FPGA-gray/flySimulator.srcs/constrs_1/new/master.xdc:125]
Resolution: If [get_<value>] was used to populate the object, check to make sure this command returns at least one valid object.
WARNING: [Vivado 12-584] No ports matched 'ja[6]'. [D:/FPGA-gray/flySimulator.srcs/constrs_1/new/master.xdc:126]
CRITICAL WARNING: [Common 17-55] 'set_property' expects at least one object. [D:/FPGA-gray/flySimulator.srcs/constrs_1/new/master.xdc:126]
Resolution: If [get_<value>] was used to populate the object, check to make sure this command returns at least one valid object.
WARNING: [Vivado 12-584] No ports matched 'ja[7]'. [D:/FPGA-gray/flySimulator.srcs/constrs_1/new/master.xdc:127]
CRITICAL WARNING: [Common 17-55] 'set_property' expects at least one object. [D:/FPGA-gray/flySimulator.srcs/constrs_1/new/master.xdc:127]
Resolution: If [get_<value>] was used to populate the object, check to make sure this command returns at least one valid object.
Finished Parsing XDC File [D:/FPGA-gray/flySimulator.srcs/constrs_1/new/master.xdc]
INFO: [Project 1-236] Implementation specific constraints were found while reading constraint file [D:/FPGA-gray/flySimulator.srcs/constrs_1/new/master.xdc]. These constraints will be ignored for synthesis but will be used in implementation. Impacted constraints are listed in the file [.Xil/nexys_hdmi_propImpl.xdc].
Resolution: To avoid this warning, move constraints listed in [.Xil/nexys_hdmi_propImpl.xdc] to another XDC file and exclude this new file from synthesis with the used_in_synthesis property (File Properties dialog in GUI) and re-run elaboration/synthesis.
Parsing XDC File [D:/FPGA-gray/flySimulator.runs/synth_1/dont_touch.xdc]
Finished Parsing XDC File [D:/FPGA-gray/flySimulator.runs/synth_1/dont_touch.xdc]
INFO: [Project 1-236] Implementation specific constraints were found while reading constraint file [D:/FPGA-gray/flySimulator.runs/synth_1/dont_touch.xdc]. These constraints will be ignored for synthesis but will be used in implementation. Impacted constraints are listed in the file [.Xil/nexys_hdmi_propImpl.xdc].
Resolution: To avoid this warning, move constraints listed in [.Xil/nexys_hdmi_propImpl.xdc] to another XDC file and exclude this new file from synthesis with the used_in_synthesis property (File Properties dialog in GUI) and re-run elaboration/synthesis.
INFO: [Timing 38-2] Deriving generated clocks
Parsing XDC File [d:/FPGA-gray/flySimulator.gen/sources_1/ip/rgb2dvi_0/src/rgb2dvi_clocks.xdc] for cell 'rgb2dvi/U0'
Finished Parsing XDC File [d:/FPGA-gray/flySimulator.gen/sources_1/ip/rgb2dvi_0/src/rgb2dvi_clocks.xdc] for cell 'rgb2dvi/U0'
Completed Processing XDC Constraints

Netlist sorting complete. Time (s): cpu = 00:00:00 ; elapsed = 00:00:00.001 . Memory (MB): peak = 2025.043 ; gain = 0.000
INFO: [Project 1-111] Unisim Transformation Summary:
No Unisim elements were transformed.

Das System kann den angegebenen Pfad nicht finden.
Constraint Validation Runtime : Time (s): cpu = 00:00:00 ; elapsed = 00:00:00.061 . Memory (MB): peak = 2025.043 ; gain = 0.000
---------------------------------------------------------------------------------
Finished Constraint Validation : Time (s): cpu = 00:00:32 ; elapsed = 00:00:48 . Memory (MB): peak = 2025.043 ; gain = 1033.809
---------------------------------------------------------------------------------
---------------------------------------------------------------------------------
Start Loading Part and Timing Information
---------------------------------------------------------------------------------
Loading part: xc7a200tsbg484-1
---------------------------------------------------------------------------------
Finished Loading Part and Timing Information : Time (s): cpu = 00:00:32 ; elapsed = 00:00:48 . Memory (MB): peak = 2025.043 ; gain = 1033.809
---------------------------------------------------------------------------------
---------------------------------------------------------------------------------
Start Applying 'set_property' XDC Constraints
---------------------------------------------------------------------------------
Applied set_property KEEP_HIERARCHY = SOFT for rgb2dvi/U0. (constraint file  D:/FPGA-gray/flySimulator.runs/synth_1/dont_touch.xdc, line 24).
Applied set_property KEEP_HIERARCHY = SOFT for pll0/inst. (constraint file  D:/FPGA-gray/flySimulator.runs/synth_1/dont_touch.xdc, line 32).
Applied set_property KEEP_HIERARCHY = SOFT for xadc. (constraint file  auto generated constraint).
Applied set_property KEEP_HIERARCHY = SOFT for rgb2dvi. (constraint file  auto generated constraint).
Applied set_property KEEP_HIERARCHY = SOFT for pll0. (constraint file  auto generated constraint).
Applied set_property KEEP_HIERARCHY = SOFT for blk_mem. (constraint file  auto generated constraint).
---------------------------------------------------------------------------------
Finished applying 'set_property' XDC Constraints : Time (s): cpu = 00:00:32 ; elapsed = 00:00:48 . Memory (MB): peak = 2025.043 ; gain = 1033.809
---------------------------------------------------------------------------------
INFO: [Synth 8-802] inferred FSM for state register 'zustand_rcv_reg' in module 'rxTxUart'
INFO: [Synth 8-802] inferred FSM for state register 'si_calc_uart_reg' in module 'nexys_hdmi'
INFO: [Synth 8-802] inferred FSM for state register 'si_state_frame_reg' in module 'nexys_hdmi'
---------------------------------------------------------------------------------------------------
                   State |                     New Encoding |                Previous Encoding 
---------------------------------------------------------------------------------------------------
                 iSTATE0 |                              001 |                               00
                 iSTATE1 |                              010 |                               01
                  iSTATE |                              100 |                               10
*
---------------------------------------------------------------------------------------------------
INFO: [Synth 8-3354] encoded FSM with state register 'zustand_rcv_reg' using encoding 'one-hot' in module 'rxTxUart'
---------------------------------------------------------------------------------------------------
                   State |                     New Encoding |                Previous Encoding 
---------------------------------------------------------------------------------------------------
                  iSTATE |                               01 |                              000
*
                 iSTATE0 |                               10 |                              001
---------------------------------------------------------------------------------------------------
INFO: [Synth 8-3354] encoded FSM with state register 'si_calc_uart_reg' using encoding 'one-hot' in module 'nexys_hdmi'
---------------------------------------------------------------------------------------------------
                   State |                     New Encoding |                Previous Encoding 
---------------------------------------------------------------------------------------------------
                  iSTATE |                            00001 |                              000
*
                 iSTATE3 |                            00010 |                              010
                 iSTATE1 |                            00100 |                              011
                 iSTATE0 |                            01000 |                              100
                 iSTATE2 |                            10000 |                              001
---------------------------------------------------------------------------------------------------
INFO: [Synth 8-3354] encoded FSM with state register 'si_state_frame_reg' using encoding 'one-hot' in module 'nexys_hdmi'
---------------------------------------------------------------------------------
Finished RTL Optimization Phase 2 : Time (s): cpu = 00:00:34 ; elapsed = 00:00:50 . Memory (MB): peak = 2025.043 ; gain = 1033.809
---------------------------------------------------------------------------------
---------------------------------------------------------------------------------
Start RTL Component Statistics 
---------------------------------------------------------------------------------
Detailed RTL Component Info : 
+---Adders : 
	   3 Input   13 Bit       Adders := 1     
	   2 Input   13 Bit       Adders := 2     
	   2 Input   12 Bit       Adders := 4     
	   3 Input   12 Bit       Adders := 1     
	   2 Input   11 Bit       Adders := 3     
	   2 Input   10 Bit       Adders := 2     
	   2 Input    9 Bit       Adders := 2     
	   3 Input    5 Bit       Adders := 9     
	   4 Input    5 Bit       Adders := 3     
	   2 Input    5 Bit       Adders := 3     
	   8 Input    4 Bit       Adders := 6     
	   2 Input    4 Bit       Adders := 5     
+---XORs : 
	   2 Input     13 Bit         XORs := 1     
	   2 Input     12 Bit         XORs := 1     
	   2 Input      1 Bit         XORs := 44    
+---Registers : 
	              800 Bit    Registers := 3     
	               24 Bit    Registers := 2     
	               16 Bit    Registers := 2     
	               13 Bit    Registers := 3     
	               12 Bit    Registers := 13    
	               11 Bit    Registers := 3     
	               10 Bit    Registers := 6     
	                9 Bit    Registers := 5     
	                8 Bit    Registers := 7     
	                5 Bit    Registers := 3     
	                4 Bit    Registers := 13    
	                3 Bit    Registers := 7     
	                2 Bit    Registers := 6     
	                1 Bit    Registers := 36    
+---Muxes : 
	   4 Input  800 Bit        Muxes := 1     
	   2 Input  800 Bit        Muxes := 3     
	   2 Input   16 Bit        Muxes := 1     
	   2 Input   13 Bit        Muxes := 2     
	   2 Input   12 Bit        Muxes := 7     
	  15 Input   12 Bit        Muxes := 1     
	   4 Input   10 Bit        Muxes := 4     
	   2 Input   10 Bit        Muxes := 2     
	   2 Input    9 Bit        Muxes := 3     
	   2 Input    8 Bit        Muxes := 4     
	   3 Input    8 Bit        Muxes := 1     
	   3 Input    7 Bit        Muxes := 1     
	   2 Input    5 Bit        Muxes := 10    
	   4 Input    5 Bit        Muxes := 1     
	   2 Input    4 Bit        Muxes := 4     
	   3 Input    4 Bit        Muxes := 2     
	   3 Input    3 Bit        Muxes := 1     
	   2 Input    3 Bit        Muxes := 7     
	   6 Input    3 Bit        Muxes := 1     
	   2 Input    2 Bit        Muxes := 3     
	   3 Input    2 Bit        Muxes := 2     
	   2 Input    1 Bit        Muxes := 76    
	   3 Input    1 Bit        Muxes := 6     
	   4 Input    1 Bit        Muxes := 7     
	  15 Input    1 Bit        Muxes := 6     
	   6 Input    1 Bit        Muxes := 1     
	   7 Input    1 Bit        Muxes := 2     
	  11 Input    1 Bit        Muxes := 1     
---------------------------------------------------------------------------------
Finished RTL Component Statistics 
---------------------------------------------------------------------------------
---------------------------------------------------------------------------------
Start Part Resource Summary
---------------------------------------------------------------------------------
Part Resources:
DSPs: 740 (col length:100)
BRAMs: 730 (col length: RAMB18 100 RAMB36 50)
---------------------------------------------------------------------------------
Finished Part Resource Summary
---------------------------------------------------------------------------------
---------------------------------------------------------------------------------
Start Cross Boundary and Area Optimization
---------------------------------------------------------------------------------
WARNING: [Synth 8-7080] Parallel synthesis criteria is not met
---------------------------------------------------------------------------------
Finished Cross Boundary and Area Optimization : Time (s): cpu = 00:00:48 ; elapsed = 00:01:04 . Memory (MB): peak = 2025.043 ; gain = 1033.809
---------------------------------------------------------------------------------
---------------------------------------------------------------------------------
Start Applying XDC Timing Constraints
---------------------------------------------------------------------------------
---------------------------------------------------------------------------------
Finished Applying XDC Timing Constraints : Time (s): cpu = 00:00:52 ; elapsed = 00:01:08 . Memory (MB): peak = 2025.043 ; gain = 1033.809
---------------------------------------------------------------------------------
---------------------------------------------------------------------------------
Start Timing Optimization
---------------------------------------------------------------------------------
---------------------------------------------------------------------------------
Finished Timing Optimization : Time (s): cpu = 00:01:55 ; elapsed = 00:02:11 . Memory (MB): peak = 2025.043 ; gain = 1033.809
---------------------------------------------------------------------------------
---------------------------------------------------------------------------------
Start Technology Mapping
---------------------------------------------------------------------------------
---------------------------------------------------------------------------------
Finished Technology Mapping : Time (s): cpu = 00:02:02 ; elapsed = 00:02:19 . Memory (MB): peak = 2032.637 ; gain = 1041.402
---------------------------------------------------------------------------------
---------------------------------------------------------------------------------
Start IO Insertion
---------------------------------------------------------------------------------
---------------------------------------------------------------------------------
Start Flattening Before IO Insertion
---------------------------------------------------------------------------------
---------------------------------------------------------------------------------
Finished Flattening Before IO Insertion
---------------------------------------------------------------------------------
---------------------------------------------------------------------------------
Start Final Netlist Cleanup
---------------------------------------------------------------------------------
---------------------------------------------------------------------------------
Finished Final Netlist Cleanup
---------------------------------------------------------------------------------
---------------------------------------------------------------------------------
Finished IO Insertion : Time (s): cpu = 00:02:06 ; elapsed = 00:02:22 . Memory (MB): peak = 2032.637 ; gain = 1041.402
---------------------------------------------------------------------------------
---------------------------------------------------------------------------------
Start Renaming Generated Instances
---------------------------------------------------------------------------------
---------------------------------------------------------------------------------
Finished Renaming Generated Instances : Time (s): cpu = 00:02:06 ; elapsed = 00:02:22 . Memory (MB): peak = 2032.637 ; gain = 1041.402
---------------------------------------------------------------------------------
---------------------------------------------------------------------------------
Start Rebuilding User Hierarchy
---------------------------------------------------------------------------------
---------------------------------------------------------------------------------
Finished Rebuilding User Hierarchy : Time (s): cpu = 00:02:07 ; elapsed = 00:02:23 . Memory (MB): peak = 2032.637 ; gain = 1041.402
---------------------------------------------------------------------------------
---------------------------------------------------------------------------------
Start Renaming Generated Ports
---------------------------------------------------------------------------------
---------------------------------------------------------------------------------
Finished Renaming Generated Ports : Time (s): cpu = 00:02:07 ; elapsed = 00:02:23 . Memory (MB): peak = 2032.637 ; gain = 1041.402
---------------------------------------------------------------------------------
---------------------------------------------------------------------------------
Start Handling Custom Attributes
---------------------------------------------------------------------------------
---------------------------------------------------------------------------------
Finished Handling Custom Attributes : Time (s): cpu = 00:02:08 ; elapsed = 00:02:25 . Memory (MB): peak = 2032.637 ; gain = 1041.402
---------------------------------------------------------------------------------
---------------------------------------------------------------------------------
Start Renaming Generated Nets
---------------------------------------------------------------------------------
---------------------------------------------------------------------------------
Finished Renaming Generated Nets : Time (s): cpu = 00:02:08 ; elapsed = 00:02:25 . Memory (MB): peak = 2032.637 ; gain = 1041.402
---------------------------------------------------------------------------------
---------------------------------------------------------------------------------
Start Writing Synthesis Report
---------------------------------------------------------------------------------

Report BlackBoxes: 
+-+--------------+----------+
| |BlackBox name |Instances |
+-+--------------+----------+
+-+--------------+----------+

Report Cell Usage: 
+------+-----------+------+
|      |Cell       |Count |
+------+-----------+------+
|1     |BUFG       |     2|
|2     |BUFIO      |     1|
|3     |BUFR       |     2|
|5     |CARRY4     |    25|
|6     |LUT1       |    49|
|7     |LUT2       |   120|
|8     |LUT3       |  1419|
|9     |LUT4       |  1238|
|10    |LUT5       |  4363|
|11    |LUT6       | 11951|
|12    |MMCME2_ADV |     1|
|13    |MUXF7      |   106|
|14    |MUXF8      |    53|
|15    |OSERDESE2  |     8|
|17    |PLLE2_ADV  |     1|
|18    |RAMB36E1   |    56|
|53    |XADC       |     1|
|54    |FDCE       |     4|
|55    |FDPE       |     5|
|56    |FDRE       |  3025|
|57    |FDSE       |    37|
|58    |IBUF       |     4|
|59    |OBUF       |    11|
|60    |OBUFDS     |     4|
+------+-----------+------+
---------------------------------------------------------------------------------
Finished Writing Synthesis Report : Time (s): cpu = 00:02:08 ; elapsed = 00:02:25 . Memory (MB): peak = 2032.637 ; gain = 1041.402
---------------------------------------------------------------------------------
Synthesis finished with 0 errors, 0 critical warnings and 2 warnings.
Synthesis Optimization Runtime : Time (s): cpu = 00:01:39 ; elapsed = 00:02:21 . Memory (MB): peak = 2032.637 ; gain = 1041.402
Synthesis Optimization Complete : Time (s): cpu = 00:02:08 ; elapsed = 00:02:25 . Memory (MB): peak = 2032.637 ; gain = 1041.402
INFO: [Project 1-571] Translating synthesized netlist
Netlist sorting complete. Time (s): cpu = 00:00:01 ; elapsed = 00:00:00.190 . Memory (MB): peak = 2032.637 ; gain = 0.000
INFO: [Netlist 29-17] Analyzing 249 Unisim elements for replacement
INFO: [Netlist 29-28] Unisim Transformation completed in 0 CPU seconds
WARNING: [Netlist 29-101] Netlist 'nexys_hdmi' is not ideal for floorplanning, since the cellview 'nexys_hdmi' contains a large number of primitives.  Please consider enabling hierarchy in synthesis if you want to do floorplanning.
INFO: [Project 1-570] Preparing netlist for logic optimization
INFO: [Opt 31-140] Inserted 2 IBUFs to IO ports without IO buffers.
INFO: [Opt 31-138] Pushed 0 inverter(s) to 0 load pin(s).
Netlist sorting complete. Time (s): cpu = 00:00:00 ; elapsed = 00:00:00.002 . Memory (MB): peak = 2043.324 ; gain = 0.000
INFO: [Project 1-111] Unisim Transformation Summary:
No Unisim elements were transformed.

Das System kann den angegebenen Pfad nicht finden.
Synth Design complete | Checksum: 3800a307
INFO: [Common 17-83] Releasing license: Synthesis
86 Infos, 108 Warnings, 6 Critical Warnings and 0 Errors encountered.
synth_design completed successfully
synth_design: Time (s): cpu = 00:02:13 ; elapsed = 00:02:30 . Memory (MB): peak = 2043.324 ; gain = 1499.242
INFO: [runtcl-6] Synthesis results are not added to the cache due to CRITICAL_WARNING
Write ShapeDB Complete: Time (s): cpu = 00:00:00 ; elapsed = 00:00:00.008 . Memory (MB): peak = 2043.324 ; gain = 0.000
INFO: [Common 17-1381] The checkpoint 'D:/FPGA-gray/flySimulator.runs/synth_1/nexys_hdmi.dcp' has been generated.
INFO: [runtcl-4] Executing : report_utilization -file nexys_hdmi_utilization_synth.rpt -pb nexys_hdmi_utilization_synth.pb
INFO: [Common 17-206] Exiting Vivado at Tue Sep  3 07:28:07 2024...
